{
  _type: 'element',
  tags: null,
  links: null,
  viewOf: 'gen_system',
  _stage: 'layouted',
  sourcePath: 'containers.likec4',
  description: null,
  title: 'Диаграмма контейнеров',
  id: 'containers',
  autoLayout: {
    direction: 'TB',
  },
  hash: 'AAeq7y_qpS47q5aRRBIiUqawVC_joMoaMJVPQCuqWLM',
  bounds: {
    x: -19,
    y: -38,
    width: 1503,
    height: 1243,
  },
  nodes: [
    {
      id: 'teacher',
      parent: null,
      level: 0,
      children: [],
      inEdges: [],
      outEdges: [
        'wnvmd',
        '8fv39w',
      ],
      title: 'Учитель',
      modelRef: 'teacher',
      shape: 'person',
      color: 'primary',
      style: {
        opacity: 15,
        size: 'md',
      },
      description: {
        txt: 'Пользователь, создающий контрольные работы',
      },
      tags: [],
      kind: 'user',
      x: 454,
      y: -18,
      width: 373,
      height: 180,
      labelBBox: {
        x: 18,
        y: 63,
        width: 337,
        height: 48,
      },
      navigateTo: null,
      links: null,
    },
    {
      id: 'llm',
      parent: null,
      level: 0,
      children: [],
      inEdges: [
        'r62vcd',
      ],
      outEdges: [
        'phwex9',
      ],
      title: 'LLM сервис',
      modelRef: 'llm',
      shape: 'rectangle',
      color: 'muted',
      style: {
        opacity: 15,
        size: 'md',
      },
      description: {
        txt: 'LLM сервис для генерации и анализа текста (Google Gemini)',
      },
      tags: [],
      kind: 'external_system',
      x: 1088,
      y: 962,
      width: 361,
      height: 180,
      labelBBox: {
        x: 18,
        y: 54,
        width: 325,
        height: 66,
      },
      navigateTo: null,
      links: null,
    },
    {
      id: 'messenger',
      parent: null,
      level: 0,
      children: [],
      inEdges: [
        'wnvmd',
        'c4nxah',
      ],
      outEdges: [
        'x6c27d',
      ],
      title: 'Telegram',
      modelRef: 'messenger',
      shape: 'rectangle',
      color: 'muted',
      style: {
        opacity: 15,
        size: 'md',
      },
      description: {
        txt: 'Мессенджер для взаимодействия с пользователем',
      },
      tags: [],
      technology: 'Telegram Bot API',
      kind: 'external_system',
      x: 1066,
      y: 332,
      width: 398,
      height: 180,
      labelBBox: {
        x: 18,
        y: 53,
        width: 362,
        height: 67,
      },
      navigateTo: null,
      links: null,
    },
    {
      id: 'gen_system',
      parent: null,
      level: 0,
      children: [
        'gen_system.web_interface',
        'gen_system.gen_app',
        'gen_system.state_storage',
        'gen_system.file_system',
      ],
      inEdges: [
        '8fv39w',
        'phwex9',
        'x6c27d',
      ],
      outEdges: [
        'r62vcd',
        'c4nxah',
      ],
      title: 'Генератор контрольных работ ПГ',
      modelRef: 'gen_system',
      shape: 'rectangle',
      color: 'primary',
      style: {
        opacity: 15,
        size: 'md',
      },
      description: {
        txt: 'Система генерации и обработки контрольных работ для Политехнической гимназии',
      },
      tags: [],
      kind: 'system',
      depth: 2,
      x: 62,
      y: 271,
      width: 964,
      height: 914,
      labelBBox: {
        x: 6,
        y: 0,
        width: 178,
        height: 15,
      },
      navigateTo: null,
      links: null,
    },
    {
      id: 'gen_system.web_interface',
      parent: 'gen_system',
      level: 1,
      children: [],
      inEdges: [
        '8fv39w',
      ],
      outEdges: [
        '16n3ugx',
      ],
      title: 'Web Interface',
      modelRef: 'gen_system.web_interface',
      shape: 'browser',
      color: 'secondary',
      style: {
        opacity: 15,
        size: 'md',
      },
      description: {
        txt: 'Веб интерфейс взаимодействия с пользователем',
      },
      tags: [],
      technology: 'Flask, HTML/CSS/JS',
      kind: 'container',
      x: 439,
      y: 332,
      width: 398,
      height: 180,
      labelBBox: {
        x: 22,
        y: 53,
        width: 354,
        height: 67,
      },
      navigateTo: null,
      links: null,
    },
    {
      id: 'gen_system.gen_app',
      parent: 'gen_system',
      level: 1,
      children: [
        'gen_system.gen_app.gen_app_bot',
        'gen_system.gen_app.gen_app_web',
      ],
      inEdges: [
        'phwex9',
        'x6c27d',
        '16n3ugx',
      ],
      outEdges: [
        'lzdt55',
        '179cn1g',
        'r62vcd',
        'c4nxah',
      ],
      title: 'Основной модуль',
      modelRef: 'gen_system.gen_app',
      shape: 'rectangle',
      color: 'secondary',
      style: {
        opacity: 15,
        size: 'md',
      },
      description: {
        txt: 'Приложение, реализующее логику',
      },
      tags: [],
      kind: 'container',
      depth: 1,
      x: 102,
      y: 603,
      width: 884,
      height: 281,
      labelBBox: {
        x: 6,
        y: 0,
        width: 93,
        height: 15,
      },
      navigateTo: null,
      links: null,
    },
    {
      id: 'gen_system.gen_app.gen_app_bot',
      parent: 'gen_system.gen_app',
      level: 2,
      children: [],
      inEdges: [
        'x6c27d',
      ],
      outEdges: [
        'c4nxah',
      ],
      title: 'Generator Application Bot',
      modelRef: 'gen_system.gen_app.gen_app_bot',
      shape: 'rectangle',
      color: 'red',
      style: {
        opacity: 15,
        size: 'md',
      },
      description: {
        txt: 'Python приложение, реализующее логику бота (развитие прекращено)',
      },
      tags: [],
      technology: 'Python, pyTelegramBotAPI',
      kind: 'container',
      x: 580,
      y: 664,
      width: 366,
      height: 180,
      labelBBox: {
        x: 18,
        y: 44,
        width: 330,
        height: 85,
      },
      navigateTo: null,
      links: null,
    },
    {
      id: 'gen_system.gen_app.gen_app_web',
      parent: 'gen_system.gen_app',
      level: 2,
      children: [],
      inEdges: [
        '16n3ugx',
      ],
      outEdges: [],
      title: 'Generator Application',
      modelRef: 'gen_system.gen_app.gen_app_web',
      shape: 'rectangle',
      color: 'secondary',
      style: {
        opacity: 15,
        size: 'md',
      },
      description: {
        txt: 'Python приложение, реализующее логику',
      },
      tags: [],
      kind: 'container',
      x: 142,
      y: 664,
      width: 328,
      height: 180,
      labelBBox: {
        x: 18,
        y: 63,
        width: 292,
        height: 48,
      },
      navigateTo: null,
      links: null,
    },
    {
      id: 'gen_system.state_storage',
      parent: 'gen_system',
      level: 1,
      children: [],
      inEdges: [
        'lzdt55',
      ],
      outEdges: [],
      title: 'In-Memory DB',
      modelRef: 'gen_system.state_storage',
      shape: 'cylinder',
      color: 'secondary',
      style: {
        opacity: 15,
        size: 'md',
      },
      description: {
        txt: 'Хранение состояний пользователей и кэш генераций',
      },
      tags: [],
      technology: 'Python Dicts',
      kind: 'database',
      x: 115,
      y: 965,
      width: 340,
      height: 180,
      labelBBox: {
        x: 18,
        y: 44,
        width: 304,
        height: 85,
      },
      navigateTo: null,
      links: null,
    },
    {
      id: 'gen_system.file_system',
      parent: 'gen_system',
      level: 1,
      children: [],
      inEdges: [
        '179cn1g',
      ],
      outEdges: [],
      title: 'File System',
      modelRef: 'gen_system.file_system',
      shape: 'rectangle',
      color: 'secondary',
      style: {
        opacity: 15,
        size: 'md',
      },
      description: {
        txt: 'Временное хранение сгенерированных DOCX файлов',
      },
      tags: [],
      technology: 'Local Disk',
      kind: 'container',
      x: 565,
      y: 965,
      width: 362,
      height: 180,
      labelBBox: {
        x: 17,
        y: 44,
        width: 327,
        height: 85,
      },
      navigateTo: null,
      links: null,
    },
  ],
  edges: [
    {
      id: 'wnvmd',
      source: 'teacher',
      target: 'messenger',
      label: 'Параметры генерации контрольной работы',
      points: [
        [
          1265,
          180,
        ],
        [
          1265,
          224,
        ],
        [
          1265,
          277,
        ],
        [
          1265,
          322,
        ],
      ],
      labelBBox: {
        x: 1020,
        y: 199,
        width: 288,
        height: 18,
      },
      parent: null,
      relations: [
        '181whk9',
      ],
      color: 'gray',
      line: 'dashed',
      head: 'normal',
      controlPoints: [
        {
          x: 1066,
          y: 223,
        },
      ],
      navigateTo: null,
      tags: null,
    },
    {
      id: '8fv39w',
      source: 'teacher',
      target: 'gen_system.web_interface',
      label: 'Параметры генерации контрольной работы',
      points: [
        [
          1078,
          175,
        ],
        [
          1035,
          196,
        ],
        [
          989,
          218,
        ],
        [
          948,
          240,
        ],
        [
          897,
          267,
        ],
        [
          842,
          298,
        ],
        [
          792,
          327,
        ],
      ],
      labelBBox: {
        x: 640,
        y: 230,
        width: 288,
        height: 18,
      },
      parent: null,
      relations: [
        '15limx5',
      ],
      color: 'gray',
      line: 'dashed',
      head: 'normal',
      controlPoints: [
        {
          x: 640,
          y: 230,
        },
        {
          x: 639,
          y: 264,
        },
      ],
      navigateTo: null,
      tags: null,
    },
    {
      id: 'x6c27d',
      source: 'messenger',
      target: 'gen_system.gen_app.gen_app_bot',
      label: 'HTTPS / Long Polling',
      points: [
        [
          1165,
          512,
        ],
        [
          1131,
          540,
        ],
        [
          1093,
          570,
        ],
        [
          1056,
          595,
        ],
        [
          1022,
          617,
        ],
        [
          986,
          639,
        ],
        [
          950,
          659,
        ],
      ],
      labelBBox: {
        x: 1172,
        y: 707,
        width: 139,
        height: 18,
      },
      parent: null,
      relations: [
        '1dbxwlv',
      ],
      color: 'gray',
      line: 'dashed',
      head: 'normal',
      controlPoints: [
        {
          x: 1221,
          y: 681,
        },
      ],
      navigateTo: null,
      tags: null,
    },
    {
      id: '16n3ugx',
      source: 'gen_system.web_interface',
      target: 'gen_system.gen_app.gen_app_web',
      label: 'HTTPS (REST API)',
      points: [
        [
          548,
          512,
        ],
        [
          503,
          557,
        ],
        [
          448,
          611,
        ],
        [
          402,
          657,
        ],
      ],
      labelBBox: {
        x: 483,
        y: 572,
        width: 127,
        height: 18,
      },
      parent: 'gen_system',
      relations: [
        '1yna4hl',
      ],
      color: 'gray',
      line: 'dashed',
      head: 'normal',
      controlPoints: null,
      navigateTo: null,
      tags: null,
    },
    {
      id: 'c4nxah',
      source: 'gen_system.gen_app.gen_app_bot',
      target: 'messenger',
      label: 'HTTPS (Send Message/Document)',
      points: [
        [
          763,
          664,
        ],
        [
          768,
          631,
        ],
        [
          779,
          596,
        ],
        [
          803,
          572,
        ],
        [
          883,
          490,
        ],
        [
          944,
          548,
        ],
        [
          1053,
          512,
        ],
        [
          1054,
          512,
        ],
        [
          1055,
          511,
        ],
        [
          1056,
          511,
        ],
      ],
      labelBBox: {
        x: 913,
        y: 541,
        width: 224,
        height: 18,
      },
      parent: null,
      relations: [
        '1lijzde',
      ],
      color: 'gray',
      line: 'dashed',
      head: 'normal',
      controlPoints: [
        {
          x: 885,
          y: 559,
        },
      ],
      navigateTo: null,
      tags: null,
    },
    {
      id: 'phwex9',
      source: 'llm',
      target: 'gen_system.gen_app',
      label: 'JSON Response',
      description: {
        txt: 'Сгенерированный текст контрольной работы',
      },
      points: [
        [
          1103,
          965,
        ],
        [
          1064,
          941,
        ],
        [
          1022,
          915,
        ],
        [
          980,
          889,
        ],
      ],
      labelBBox: {
        x: 940,
        y: 900,
        width: 108,
        height: 18,
      },
      parent: null,
      relations: [
        '1dqywxn',
      ],
      color: 'gray',
      line: 'dashed',
      head: 'normal',
      controlPoints: [
        {
          x: 1058,
          y: 926,
        },
      ],
      navigateTo: null,
      tags: null,
    },
    {
      id: 'lzdt55',
      source: 'gen_system.gen_app',
      target: 'gen_system.state_storage',
      label: 'Запись и чтение состояний пользователей',
      points: [
        [
          297,
          884,
        ],
        [
          295,
          907,
        ],
        [
          293,
          931,
        ],
        [
          292,
          954,
        ],
      ],
      labelBBox: {
        x: 1,
        y: 901,
        width: 292,
        height: 18,
      },
      parent: 'gen_system',
      relations: [
        '1ixze2m',
      ],
      color: 'gray',
      line: 'dashed',
      head: 'normal',
      controlPoints: null,
      navigateTo: null,
      tags: null,
    },
    {
      id: '179cn1g',
      source: 'gen_system.gen_app',
      target: 'gen_system.file_system',
      label: 'Сохранение docx файлов',
      points: [
        [
          496,
          884,
        ],
        [
          533,
          909,
        ],
        [
          571,
          935,
        ],
        [
          606,
          959,
        ],
      ],
      labelBBox: {
        x: 389,
        y: 902,
        width: 166,
        height: 18,
      },
      parent: 'gen_system',
      relations: [
        '1xmmfm3',
      ],
      color: 'gray',
      line: 'dashed',
      head: 'normal',
      controlPoints: null,
      navigateTo: null,
      tags: null,
    },
    {
      id: 'r62vcd',
      source: 'gen_system.gen_app',
      target: 'llm',
      label: 'HTTPS (REST API)',
      description: {
        txt: 'Промпт с параметрами генерации текста',
      },
      points: [
        [
          525,
          884,
        ],
        [
          594,
          908,
        ],
        [
          616,
          893,
        ],
        [
          689,
          904,
        ],
        [
          851,
          927,
        ],
        [
          896,
          917,
        ],
        [
          1053,
          965,
        ],
        [
          1054,
          965,
        ],
        [
          1055,
          966,
        ],
        [
          1057,
          966,
        ],
      ],
      labelBBox: {
        x: 674,
        y: 893,
        width: 127,
        height: 18,
      },
      parent: null,
      relations: [
        'g62otw',
      ],
      color: 'gray',
      line: 'dashed',
      head: 'normal',
      controlPoints: [
        {
          x: 624,
          y: 898,
        },
        {
          x: 822,
          y: 918,
        },
        {
          x: 1070,
          y: 963,
        },
      ],
      navigateTo: null,
      tags: null,
    },
  ],
  _layout: 'manual',
}
